_scrsize.o
cclear.o
chline.o
clock.o
clrscr.o
color.o
cputc.o
ctype.o
cvline.o
get_tv.o
gotox.o
gotoxy.o
gotoy.o
mainargs.o
ppu.o
ppubuf.o
randomize.o
revers.o
setcursor.o
sysuname.o
waitvblank.o
wherex.o
wherey.o
_afailed.o
_cwd.o
_environ.o
_fdesc.o
_file.o
_fopen.o
_heap.o
_heapadd.o
_heapblocksize.o
_heapmaxavail.o
_heapmemavail.o
_hextab.o
_oserror.o
_poserror.o
_printf.o
_scanf.o
_seterrno.o
_swap.o
_sys.o
abort.o
abs.o
asctime.o
atexit.o
atoi.o
bsearch.o
calloc.o
chdir.o
copydata.o
creat.o
ctime.o
divt.o
errno.o
errormsg.o
fclose.o
fdopen.o
fgetc.o
fgetpos.o
fgets.o
fmisc.o
fopen.o
fprintf.o
fputc.o
fputs.o
fread.o
free.o
freopen.o
fscanf.o
fseek.o
fsetpos.o
ftell.o
fwrite.o
getchar.o
getcpu.o
getcwd.o
getenv.o
gets.o
gmtime.o
interrupt.o
isalnum.o
isalpha.o
isblank.o
iscntrl.o
isdigit.o
isgraph.o
islower.o
isprint.o
ispunct.o
isspace.o
isupper.o
isxdigit.o
itoa.o
labs.o
locale.o
localtime.o
longjmp.o
ltoa.o
malloc.o
maperrno.o
memchr.o
memcmp.o
memcpy.o
memmove.o
memset.o
mkdir.o
mktime.o
modfree.o
modload.o
oserrcheck.o
perror.o
pmemalign.o
printf.o
putchar.o
putenv.o
puts.o
qsort.o
raise.o
rand.o
realloc.o
remove.o
rename.o
rewind.o
rmdir.o
scanf.o
searchenv.o
setjmp.o
signal.o
sigtable.o
sleep.o
snprintf.o
sprintf.o
sscanf.o
strcat.o
strchr.o
strcmp.o
strcoll.o
strcpy.o
strcspn.o
strdup.o
strerror.o
strftime.o
stricmp.o
strlen.o
strlower.o
strncat.o
strncmp.o
strncpy.o
strnicmp.o
stroserr.o
strpbrk.o
strrchr.o
strspn.o
strstr.o
strtoimax.o
strtok.o
strtol.o
strtoul.o
strtoumax.o
strupper.o
strxfrm.o
system.o
time.o
timezone.o
tolower.o
toupper.o
uname.o
ungetc.o
unlink.o
utscopy.o
vfprintf.o
vfscanf.o
vprintf.o
vscanf.o
vsnprintf.o
vsprintf.o
vsscanf.o
zerobss.o
add.o
addeqsp.o
addysp.o
along.o
and.o
aslax1.o
aslax2.o
aslax3.o
aslax4.o
asleax1.o
asleax2.o
asleax3.o
asleax4.o
asr.o
asrax1.o
asrax2.o
asrax3.o
asrax4.o
asreax1.o
asreax2.o
asreax3.o
asreax4.o
axlong.o
bneg.o
bpushbsp.o
call.o
callirq.o
callmain.o
compl.o
condes.o
decax1.o
decax2.o
decax3.o
decax4.o
decax5.o
decax6.o
decax7.o
decax8.o
decaxy.o
decsp1.o
decsp2.o
decsp3.o
decsp4.o
decsp5.o
decsp6.o
decsp7.o
decsp8.o
div.o
enter.o
eq.o
ge.o
gt.o
icmp.o
incax1.o
incax2.o
incax3.o
incax5.o
incax6.o
incax7.o
incax8.o
incaxy.o
incsp1.o
incsp2.o
incsp3.o
incsp4.o
incsp5.o
incsp6.o
incsp7.o
incsp8.o
jmpvec.o
ladd.o
laddeq.o
laddeqsp.o
land.o
lasr.o
lbneg.o
lcmp.o
lcompl.o
ldai.o
ldau0sp.o
ldaui.o
ldauisp.o
ldaxi.o
ldaxsp.o
ldeaxi.o
ldeaxysp.o
ldec.o
ldiv.o
le.o
leaaxsp.o
leave.o
leq.o
lge.o
lgt.o
linc.o
lle.o
llt.o
lmod.o
lmul.o
lne.o
lneg.o
lor.o
lpop.o
lpush.o
lrsub.o
lsave.o
lshelp.o
lshl.o
lshr.o
lsub.o
lsubeq.o
lsubeqsp.o
lt.o
ltest.o
ludiv.o
luge.o
lugt.o
lule.o
lult.o
lumod.o
lxor.o
makebool.o
mod.o
mul.o
mul8.o
mulax10.o
mulax3.o
mulax5.o
mulax6.o
mulax7.o
mulax9.o
ne.o
neg.o
or.o
popa.o
popsreg.o
push1.o
push2.o
push3.o
push4.o
push5.o
push6.o
push7.o
pusha.o
pushaff.o
pushax.o
pushb.o
pushbsp.o
pushc0.o
pushc1.o
pushc2.o
pushlysp.o
pushw.o
pushwsp.o
regswap.o
regswap1.o
regswap2.o
return0.o
return1.o
rsub.o
shelp.o
shl.o
shr.o
shrax1.o
shrax2.o
shrax3.o
shrax4.o
shreax1.o
shreax2.o
shreax3.o
shreax4.o
staspidx.o
staxsp.o
staxspi.o
steaxsp.o
steaxspi.o
stkchk.o
sub.o
subeqsp.o
subysp.o
swap.o
tosint.o
toslong.o
udiv.o
uge.o
ugt.o
ule.o
ult.o
umod.o
xor.o
zeropage.o
_cursor.o
cprintf.o
cputhex.o
cputs.o
cscanf.o
cursor.o
scrsize.o
vcprintf.o
vcscanf.o
em-kernel.o
em_commit.o
em_copyfrom.o
em_copyto.o
em_load.o
em_map.o
em_pagecount.o
em_unload.o
em_use.o
joy-kernel.o
joy_count.o
joy_load.o
joy_read.o
joy_unload.o
tgi-kernel.o
tgi_bar.o
tgi_circle.o
tgi_clear.o
tgi_curtoxy.o
tgi_done.o
tgi_getcolor.o
tgi_getcolorcount.o
tgi_getdefpalette.o
tgi_geterror.o
tgi_geterrormsg.o
tgi_getmaxcolor.o
tgi_getmaxx.o
tgi_getmaxy.o
tgi_getpagecount.o
tgi_getpalette.o
tgi_getpixel.o
tgi_getset.o
tgi_getxres.o
tgi_getyres.o
tgi_gotoxy.o
tgi_init.o
tgi_ioctl.o
tgi_line.o
tgi_linepop.o
tgi_lineto.o
tgi_load.o
tgi_load_driver.o
tgi_map_mode.o
tgi_outtext.o
tgi_outtextxy.o
tgi_popxy.o
tgi_popxy2.o
tgi_setcolor.o
tgi_setdrawpage.o
tgi_setpalette.o
tgi_setpixel.o
tgi_setviewpage.o
tgi_stddrv.o
tgi_stdmode.o
tgi_textsize.o
tgi_textstyle.o
tgi_unload.o
adler32.o
crc32.o
inflatemem.o
uncompress.o
crt0.o
